Refreshing [dbo].[CM_vwContractVehicleType]
Refreshing [dbo].[BD_OfficeToOfficesView]
Refreshing [dbo].[CM_vwContractLookupMapping]
Refreshing [dbo].[LookupMac]
Refreshing [dbo].[PROriginals]
Refreshing [dbo].[SDNumOfPROriginal]
Refreshing [dbo].[TOIDLatestOfPROriginal]
Refreshing [dbo].[TypeOfFunds]
Refreshing [dbo].[TOClinSlinSimpleView]
Refreshing [dbo].[SDNumWithAmendmentView]
Refreshing [dbo].[PROriginalOfSDView]
Refreshing [dbo].[PROriginalOfTOView]
Refreshing [dbo].[PROriginalsOfTOOrSDModsView]
Refreshing [dbo].[TOLibPRTreeView]
Refreshing [dbo].[TM_vwActivePR]
Refreshing [dbo].[TM_vwActiveSD]
Refreshing [dbo].[TM_vwActiveBidBreakdownMeta]
Refreshing [dbo].[TOUserRolesView]
Refreshing [dbo].[LookupMacProjectInfo]
Refreshing [dbo].[LookupMacContractCompany]
Refreshing [dbo].[TOLIBProjectsView_Lite]
Refreshing [dbo].[EmailPkgView]
Refreshing [dbo].[TM_vwActiveTO]
Refreshing [dbo].[PROriginalOf]
Refreshing [dbo].[UsersActiveStatusView]
Refreshing [dbo].[FADSlateLatestForSLIN]
Refreshing [dbo].[FADSlateSLINStatusView]
Refreshing [dbo].[FADSlateSLINActionView]
Refreshing [dbo].[FADSlateCandidatesView]
Refreshing [dbo].[PRHistoryViewPRSDTO]
Refreshing [dbo].[PRHistoryView]
Refreshing [dbo].[FADSlateSLINView]
Refreshing [dbo].[TM_vwActivePricingDoc]
Refreshing [dbo].[TM_vwActivePricingSLINAmts]
Refreshing [dbo].[TM_vwActivePricingSLIN]
Refreshing [dbo].[FADPRPricingView]
Refreshing [dbo].[FADSLINStatusViewQ]
Refreshing [dbo].[PricingDocRollupView]
Refreshing [dbo].[TM_vwActivePricingCLIN]
Refreshing [dbo].[TM_vwActivePricingInfoSLIN]
Refreshing [dbo].[LLAPricingView]
Refreshing [dbo].[FADSLINLatestView]
Refreshing [dbo].[FADSLINStatusView]
Refreshing [dbo].[TOValueView]
Refreshing [dbo].[TM_vwActivePRAttachment]
Refreshing [dbo].[TM_vwActiveBlobTextLink]
Refreshing [dbo].[TM_vwActiveBlobText]
Refreshing [dbo].[ADLastBidSubmView]
Refreshing [dbo].[TM_vwActivePrPkg]
Refreshing [dbo].[ADCurrentRoundView]
Refreshing [dbo].[TOLatestExecView]
Refreshing [dbo].[TOClosedView]
Refreshing [dbo].[TOClosedWhenView]
Refreshing [dbo].[TOLibPRTreeHistoryViewPRSDTO]
Refreshing [dbo].[TOLibProjectAUCLView]
Refreshing [dbo].[TOLibSDIDMaxLRForSDNum]
Refreshing [dbo].[SDLatestReleased]
Refreshing [dbo].[SDLatestOfPROriginal]
Refreshing [dbo].[TODataOfPROriginal]
Refreshing [dbo].[PRLatestForPROriginal]
Refreshing [dbo].[PRDataForPROriginal]
Refreshing [dbo].[TOLibProjectsView_Slower]
Altering [dbo].[SDClone_out]
Altering [dbo].[ADAwardAndCreateTaskOrder]
Altering [dbo].[TM_CloneTo]
The database update succeeded
